nUSP: 51
Nome: Rajah C. Montgomery
Curso: Ciencia da Computacao
Nota: 10.00

nUSP: 52
Nome: Garrison N. Montoya
Curso: Estatistica
Nota: 6.00

nUSP: 53
Nome: Maxwell R. Sherman
Curso: Sistemas de Informacao
Nota: 6.00

nUSP: 54
Nome: Ginger C. Stout
Curso: Ciencia da Computacao
Nota: 0.00

nUSP: 55
Nome: Daryl W. Kelley
Curso: Engenharia da Computacao
Nota: 7.00

nUSP: 56
Nome: Kuame M. Buckner
Curso: Ciencia da Computacao
Nota: 6.00

nUSP: 57
Nome: Davis I. Carr
Curso: Estatistica
Nota: 1.00

nUSP: 58
Nome: Selma I. Boyd
Curso: Ciencia da Computacao
Nota: 0.00

nUSP: 59
Nome: Aaron B. Mathis
Curso: Engenharia da Computacao
Nota: 7.00

nUSP: 60
Nome: Lara M. Yates
Curso: Engenharia da Computacao
Nota: 0.00

nUSP: 61
Nome: Honorato W. Mckenzie
Curso: Sistemas de Informacao
Nota: 5.00

nUSP: 62
Nome: Drake K. Browning
Curso: Estatistica
Nota: 6.00

nUSP: 63
Nome: Aaron W. Atkinson
Curso: Engenharia da Computacao
Nota: 2.00

nUSP: 64
Nome: Camden Z. Walters
Curso: Engenharia da Computacao
Nota: 10.00

nUSP: 65
Nome: Dai H. Lowery
Curso: Ciencia da Computacao
Nota: 0.00

nUSP: 66
Nome: Russell H. Price
Curso: Estatistica
Nota: 8.00

nUSP: 67
Nome: Armand S. Finch
Curso: Engenharia da Computacao
Nota: 10.00

nUSP: 68
Nome: Robert S. Mckee
Curso: Estatistica
Nota: 10.00

nUSP: 69
Nome: Carter J. Kerr
Curso: Ciencia da Computacao
Nota: 1.00

nUSP: 70
Nome: Velma L. Love
Curso: Estatistica
Nota: 6.00

nUSP: 71
Nome: Claudia T. Valdez
Curso: Engenharia da Computacao
Nota: 0.00

nUSP: 72
Nome: Grady E. Dodson
Curso: Ciencia da Computacao
Nota: 2.00

nUSP: 73
Nome: Eden C. Allison
Curso: Ciencia da Computacao
Nota: 8.00

nUSP: 74
Nome: Nyssa I. Powell
Curso: Estatistica
Nota: 1.00

nUSP: 75
Nome: Henry H. Cohen
Curso: Estatistica
Nota: 10.00

nUSP: 76
Nome: Charlotte G. Craig
Curso: Estatistica
Nota: 7.00

nUSP: 77
Nome: Nyssa L. Powell
Curso: Ciencia da Computacao
Nota: 10.00

nUSP: 78
Nome: Harlan O. Allen
Curso: Engenharia da Computacao
Nota: 3.00

nUSP: 79
Nome: Jonah N. Dunn
Curso: Estatistica
Nota: 3.00

nUSP: 80
Nome: Brody Q. Carpenter
Curso: Ciencia da Computacao
Nota: 1.00

nUSP: 81
Nome: Gage R. Cardenas
Curso: Estatistica
Nota: 0.00

nUSP: 82
Nome: Lewis T. Buchanan
Curso: Sistemas de Informacao
Nota: 7.00

nUSP: 83
Nome: Joseph K. Langley
Curso: Sistemas de Informacao
Nota: 10.00

nUSP: 84
Nome: Chaim Z. Rollins
Curso: Engenharia da Computacao
Nota: 4.00

nUSP: 85
Nome: Ferdinand B. Bass
Curso: Estatistica
Nota: 7.00

nUSP: 86
Nome: Martena W. Herrera
Curso: Estatistica
Nota: 3.00

nUSP: 87
Nome: Rigel N. Morales
Curso: Estatistica
Nota: 6.00

nUSP: 88
Nome: Ulla G. Knowles
Curso: Sistemas de Informacao
Nota: 9.00

nUSP: 89
Nome: Magee H. Cantrell
Curso: Ciencia da Computacao
Nota: 8.00

nUSP: 90
Nome: Ahmed H. Brooks
Curso: Estatistica
Nota: 5.00

nUSP: 91
Nome: Moses X. Wynn
Curso: Ciencia da Computacao
Nota: 5.00

nUSP: 92
Nome: Steel I. Combs
Curso: Sistemas de Informacao
Nota: 4.00

nUSP: 93
Nome: Gail Q. Downs
Curso: Estatistica
Nota: 3.00

nUSP: 94
Nome: Barclay O. Barber
Curso: Estatistica
Nota: 7.00

nUSP: 95
Nome: Aubrey S. Campos
Curso: Engenharia da Computacao
Nota: 6.00

nUSP: 96
Nome: Fleur E. Larsen
Curso: Estatistica
Nota: 3.00

nUSP: 97
Nome: Chester C. Spencer
Curso: Ciencia da Computacao
Nota: 7.00

nUSP: 98
Nome: Erica Z. Lang
Curso: Sistemas de Informacao
Nota: 0.00

nUSP: 99
Nome: Brielle D. Buckner
Curso: Engenharia da Computacao
Nota: 5.00

nUSP: 100
Nome: Ora K. Boyd
Curso: Estatistica
Nota: 6.00
