nUSP: 20
Nome: Shoshana B. Carey
Curso: Estatistica
Nota: 2.00

nUSP: 21
Nome: Myra Y. Bailey
Curso: Sistemas de Informacao
Nota: 3.00

nUSP: 22
Nome: Garth J. Shepard
Curso: Estatistica
Nota: 6.00

nUSP: 23
Nome: Maile I. Henry
Curso: Engenharia da Computacao
Nota: 10.00

nUSP: 24
Nome: Sigourney H. Garrett
Curso: Estatistica
Nota: 9.00

nUSP: 25
Nome: Aaron W. Dean
Curso: Estatistica
Nota: 3.00

nUSP: 26
Nome: Brittany P. Cline
Curso: Engenharia da Computacao
Nota: 8.00

nUSP: 27
Nome: Amy L. Witt
Curso: Sistemas de Informacao
Nota: 6.00

nUSP: 28
Nome: Brenna R. Nguyen
Curso: Engenharia da Computacao
Nota: 2.00

nUSP: 29
Nome: Aladdin J. Henson
Curso: Sistemas de Informacao
Nota: 0.00

nUSP: 30
Nome: Allen M. Henry
Curso: Sistemas de Informacao
Nota: 5.00
