nUSP: 97
Nome: Chester C. Spencer
Curso: Ciencia da Computacao
Nota: 7.00
