nUSP: 100
Nome: Ora K. Boyd
Curso: Estatistica
Nota: 6.00
