nUSP: 90
Nome: Ahmed H. Brooks
Curso: Estatistica
Nota: 5.00

nUSP: 91
Nome: Moses X. Wynn
Curso: Ciencia da Computacao
Nota: 5.00

nUSP: 92
Nome: Steel I. Combs
Curso: Sistemas de Informacao
Nota: 4.00

nUSP: 93
Nome: Gail Q. Downs
Curso: Estatistica
Nota: 3.00

nUSP: 94
Nome: Barclay O. Barber
Curso: Estatistica
Nota: 7.00

nUSP: 95
Nome: Aubrey S. Campos
Curso: Engenharia da Computacao
Nota: 6.00

nUSP: 96
Nome: Fleur E. Larsen
Curso: Estatistica
Nota: 3.00

nUSP: 97
Nome: Chester C. Spencer
Curso: Ciencia da Computacao
Nota: 7.00

nUSP: 98
Nome: Erica Z. Lang
Curso: Sistemas de Informacao
Nota: 0.00

nUSP: 99
Nome: Brielle D. Buckner
Curso: Engenharia da Computacao
Nota: 5.00

nUSP: 100
Nome: Ora K. Boyd
Curso: Estatistica
Nota: 6.00
