-------------------------------
nUSP: 1
Nome: Jenny
Sobrenome: Steven
Curso: Sistemas de Informacao
Nota: 0.50
-------------------------------
-------------------------------
nUSP: 80
Nome: Rose
Sobrenome: Jason
Curso: Sistemas de Informacao
Nota: 0.90
-------------------------------
-------------------------------
nUSP: 3562
Nome: Jennifer
Sobrenome: Tim
Curso: Sistemas de Informacao
Nota: 7.30
-------------------------------
