-------------------------------
nUSP: 6467
Nome: Marion
Sobrenome: Mary
Curso: Sistemas de Informacao
Nota: 1.10
-------------------------------
-------------------------------
nUSP: 6467
Nome: Ednaldo
Sobrenome: Pereira
Curso: Nao definido
Nota: 5.40
-------------------------------
-------------------------------
nUSP: 10000
Nome: Gladys
Sobrenome: Deanna
Curso: Sistemas de Informacao
Nota: 5.20
-------------------------------
