O Registro ja existe!
O Registro ja existe!
O Registro ja existe!
O Registro ja existe!
O Registro ja existe!
O Registro ja existe!
O Registro ja existe!
O Registro ja existe!
O Registro ja existe!
O Registro ja existe!
O Registro ja existe!
O Registro ja existe!
O Registro ja existe!
O Registro ja existe!
O Registro ja existe!
O Registro ja existe!
O Registro ja existe!
O Registro ja existe!
O Registro ja existe!
O Registro ja existe!
O Registro ja existe!
O Registro ja existe!
O Registro ja existe!
O Registro ja existe!
O Registro ja existe!
O Registro ja existe!
O Registro ja existe!
O Registro ja existe!
O Registro ja existe!
O Registro ja existe!
O Registro ja existe!
O Registro ja existe!
O Registro ja existe!
O Registro ja existe!
O Registro ja existe!
O Registro ja existe!
O Registro ja existe!
O Registro ja existe!
O Registro ja existe!
O Registro ja existe!
O Registro ja existe!
O Registro ja existe!
O Registro ja existe!
-------------------------------
nUSP: 10000
Nome: Gladys
Sobrenome: Deanna
Curso: Sistemas de Informacao
Nota: 5.20
-------------------------------
