-------------------------------
nUSP: 7
Nome: Kel
Sobrenome: Loredo
Curso: Sistemas de Informacao
Nota: 9.10
-------------------------------
-------------------------------
nUSP: 2
Nome: Will
Sobrenome: doBald
Curso: Sistemas de Informacao
Nota: 9.10
-------------------------------
