Registro nao encontrado!
-------------------------------
nUSP: 20
Nome: Sun
Sobrenome: Shine
Curso: Sistemas de Informacao
Nota: 9.90
-------------------------------
