Registro nao encontrado!
Registro nao encontrado!
Registro nao encontrado!
Registro nao encontrado!
Registro nao encontrado!
Registro nao encontrado!
-------------------------------
nUSP: 15
Nome: Gabriel
Sobrenome: Piruleta
Curso: Sistemas de Informacao
Nota: 8.40
-------------------------------
Registro nao encontrado!
Registro nao encontrado!
Registro nao encontrado!
Registro nao encontrado!
Registro nao encontrado!
-------------------------------
nUSP: 18
Nome: Ronaldinho
Sobrenome: Gaucho
Curso: Monstro Sagrado
Nota: 8.60
-------------------------------
Registro nao encontrado!
Registro nao encontrado!
Registro nao encontrado!
