-------------------------------
USP number: 5
Name: Carl
Surname: Alma
Course: Ciencia da computacao
Test grade: 7.00
-------------------------------
-------------------------------
USP number: 6
Name: Amy
Surname: Amy
Course: Engenharia da computacao
Test grade: 3.00
-------------------------------
-------------------------------
USP number: 4
Name: Elizabeth
Surname: Alla
Course: Sistemas de informacao
Test grade: 1.00
-------------------------------
-------------------------------
USP number: 10
Name: Dennis
Surname: Angela
Course: Sistemas de informacao
Test grade: 10.00
-------------------------------
-------------------------------
USP number: 8
Name: Scott
Surname: Andrea
Course: Ciencia da computacao
Test grade: 2.00
-------------------------------
-------------------------------
USP number: 9
Name: Sandra
Surname: Andrew
Course: Engenharia da computacao
Test grade: 8.00
-------------------------------
