Registro nao encontrado!
-------------------------------
USP number: 1
Name: Raymond
Surname: Adeline
Course: Sistemas de informacao
Test grade: 2.00
-------------------------------
-------------------------------
USP number: 2
Name: Jeanne
Surname: Alice
Course: Ciencia da computacao
Test grade: 6.00
-------------------------------
-------------------------------
USP number: 3
Name: Gregory
Surname: Alicia
Course: Engenharia da computacao
Test grade: 0.00
-------------------------------
-------------------------------
USP number: 6
Name: Amy
Surname: Amy
Course: Engenharia da computacao
Test grade: 3.00
-------------------------------
-------------------------------
USP number: 5
Name: Carl
Surname: Alma
Course: Ciencia da computacao
Test grade: 7.00
-------------------------------
-------------------------------
USP number: 7
Name: Herman
Surname: Amy
Course: Sistemas de informacao
Test grade: 9.00
-------------------------------
-------------------------------
USP number: 8
Name: Scott
Surname: Andrea
Course: Ciencia da computacao
Test grade: 2.00
-------------------------------
-------------------------------
USP number: 9
Name: Sandra
Surname: Andrew
Course: Engenharia da computacao
Test grade: 8.00
-------------------------------
-------------------------------
USP number: 10
Name: Dennis
Surname: Angela
Course: Sistemas de informacao
Test grade: 10.00
-------------------------------
