nUSP: 981
Nome: Moses X. Wynn
Curso: Ciencia da Computacao
Nota: 5.00

nUSP: 972
Nome: Steel I. Combs
Curso: Sistemas de Informacao
Nota: 4.00

nUSP: 936
Nome: Gail Q. Downs
Curso: Estatistica
Nota: 3.00

nUSP: 944
Nome: Barclay O. Barber
Curso: Estatistica
Nota: 7.00

nUSP: 935
Nome: Aubrey S. Campos
Curso: Engenharia da Computacao
Nota: 6.00

nUSP: 996
Nome: Fleur E. Larsen
Curso: Estatistica
Nota: 3.00

nUSP: 987
Nome: Chester C. Spencer
Curso: Ciencia da Computacao
Nota: 7.00

nUSP: 978
Nome: Erica Z. Lang
Curso: Sistemas de Informacao
Nota: 0.00

nUSP: 939
Nome: Brielle D. Buckner
Curso: Engenharia da Computacao
Nota: 5.00

nUSP: 1000
Nome: Ora K. Boyd
Curso: Estatistica
Nota: 6.00
